// Jest Snapshot v1, https://goo.gl/fbAQLP

exports[`getProducts Saga should dispatch the productsLoaded action if it requests the data successfully 1`] = `
Object {
  "@@redux-saga/IO": true,
  "SELECT": Object {
    "args": Array [],
    "selector": [Function],
  },
}
`;

exports[`getProducts Saga should dispatch the productsLoaded action if it requests the data successfully 2`] = `
Object {
  "@@redux-saga/IO": true,
  "CALL": Object {
    "args": Array [
      "http://localhost:61168/api/products?currency=AUD",
    ],
    "context": null,
    "fn": [Function],
  },
}
`;
